   Compiling slatedb-graph-kernel v0.1.0 (/mnt/c/Users/thevi/OneDrive/Desktop/dgraph/prototype/slatedb-graph-kernel)
    Finished `release` profile [optimized] target(s) in 16.54s
     Running `/home/vishal/.cache/dgraph-phase0-target/release/examples/phase0_path_bench`
phase0 path benchmark: fanouts=[50] hops=[1, 3, 5, 10, 12] max_hop=12 kernel=SuiteSparseGraphBlas hot_iters=7 write_samples=32 object_root=/tmp/phase0-path-bench-633-1783017255733/object-store cache_root=/tmp/phase0-path-bench-633-1783017255733/slatedb-cache
fanout=50 stage=bulk_import edges=600 elapsed_ms=105
fanout=50 stage=sample_writes samples=32 p50_us=101160
fanout=50 stage=matrix_build edges=600 elapsed_ms=223
fanout=50 stage=supernode_cold degree_us=554 exists_us=1 page_us=2
fanout=50 hop=1 stage=cold_read elapsed_us=1821
fanout=50 hop=1 stage=warm_read elapsed_us=1853
fanout=50 hop=1 stage=hot_read p50_us=12 qps=58682.49
fanout=50 hop=3 stage=cold_read elapsed_us=2074
fanout=50 hop=3 stage=warm_read elapsed_us=2280
fanout=50 hop=3 stage=hot_read p50_us=24 qps=32700.04
fanout=50 hop=5 stage=cold_read elapsed_us=1822
fanout=50 hop=5 stage=warm_read elapsed_us=1830
fanout=50 hop=5 stage=hot_read p50_us=34 qps=24561.32
fanout=50 hop=10 stage=cold_read elapsed_us=1815
fanout=50 hop=10 stage=warm_read elapsed_us=2721
fanout=50 hop=10 stage=hot_read p50_us=62 qps=14307.03
fanout=50 hop=12 stage=cold_read elapsed_us=2119
fanout=50 hop=12 stage=warm_read elapsed_us=1784
fanout=50 hop=12 stage=hot_read p50_us=73 qps=12800.37
    Finished `release` profile [optimized] target(s) in 0.68s
     Running `/home/vishal/.cache/dgraph-phase0-target/release/examples/phase0_path_bench`
phase0 path benchmark: fanouts=[100] hops=[1, 3, 5, 10, 12] max_hop=12 kernel=SuiteSparseGraphBlas hot_iters=7 write_samples=32 object_root=/tmp/phase0-path-bench-785-1783017273006/object-store cache_root=/tmp/phase0-path-bench-785-1783017273006/slatedb-cache
fanout=100 stage=bulk_import edges=1200 elapsed_ms=108
fanout=100 stage=sample_writes samples=32 p50_us=100916
fanout=100 stage=matrix_build edges=1200 elapsed_ms=200
fanout=100 stage=supernode_cold degree_us=498 exists_us=1 page_us=2
fanout=100 hop=1 stage=cold_read elapsed_us=1974
fanout=100 hop=1 stage=warm_read elapsed_us=1883
fanout=100 hop=1 stage=hot_read p50_us=33 qps=25973.83
fanout=100 hop=3 stage=cold_read elapsed_us=1994
fanout=100 hop=3 stage=warm_read elapsed_us=2414
fanout=100 hop=3 stage=hot_read p50_us=29 qps=24797.55
fanout=100 hop=5 stage=cold_read elapsed_us=1989
fanout=100 hop=5 stage=warm_read elapsed_us=2307
fanout=100 hop=5 stage=hot_read p50_us=64 qps=13668.32
fanout=100 hop=10 stage=cold_read elapsed_us=1915
fanout=100 hop=10 stage=warm_read elapsed_us=2533
fanout=100 hop=10 stage=hot_read p50_us=79 qps=11676.42
fanout=100 hop=12 stage=cold_read elapsed_us=2328
fanout=100 hop=12 stage=warm_read elapsed_us=2667
fanout=100 hop=12 stage=hot_read p50_us=184 qps=5223.97
    Finished `release` profile [optimized] target(s) in 0.66s
     Running `/home/vishal/.cache/dgraph-phase0-target/release/examples/phase0_path_bench`
phase0 path benchmark: fanouts=[1000] hops=[1, 3, 5, 10, 12] max_hop=12 kernel=SuiteSparseGraphBlas hot_iters=7 write_samples=32 object_root=/tmp/phase0-path-bench-819-1783017277739/object-store cache_root=/tmp/phase0-path-bench-819-1783017277739/slatedb-cache
fanout=1000 stage=bulk_import edges=12000 elapsed_ms=316
fanout=1000 stage=sample_writes samples=32 p50_us=100914
fanout=1000 stage=matrix_build edges=12000 elapsed_ms=202
fanout=1000 stage=supernode_cold degree_us=874 exists_us=3 page_us=7
fanout=1000 hop=1 stage=cold_read elapsed_us=3593
fanout=1000 hop=1 stage=warm_read elapsed_us=3329
fanout=1000 hop=1 stage=hot_read p50_us=43 qps=18519.06
fanout=1000 hop=3 stage=cold_read elapsed_us=3317
fanout=1000 hop=3 stage=warm_read elapsed_us=3775
fanout=1000 hop=3 stage=hot_read p50_us=149 qps=6560.96
fanout=1000 hop=5 stage=cold_read elapsed_us=3605
fanout=1000 hop=5 stage=warm_read elapsed_us=4339
fanout=1000 hop=5 stage=hot_read p50_us=203 qps=4372.45
fanout=1000 hop=10 stage=cold_read elapsed_us=3464
fanout=1000 hop=10 stage=warm_read elapsed_us=4039
fanout=1000 hop=10 stage=hot_read p50_us=395 qps=2430.29
fanout=1000 hop=12 stage=cold_read elapsed_us=3713
fanout=1000 hop=12 stage=warm_read elapsed_us=4111
fanout=1000 hop=12 stage=hot_read p50_us=477 qps=2028.36
    Finished `release` profile [optimized] target(s) in 0.59s
     Running `/home/vishal/.cache/dgraph-phase0-target/release/examples/phase0_path_bench`
phase0 path benchmark: fanouts=[10000] hops=[1, 3, 5, 10, 12] max_hop=12 kernel=SuiteSparseGraphBlas hot_iters=7 write_samples=32 object_root=/tmp/phase0-path-bench-849-1783017283018/object-store cache_root=/tmp/phase0-path-bench-849-1783017283018/slatedb-cache
fanout=10000 stage=bulk_import edges=120000 elapsed_ms=5208
fanout=10000 stage=sample_writes samples=32 p50_us=100938
fanout=10000 stage=matrix_build edges=120000 elapsed_ms=643
fanout=10000 stage=supernode_cold degree_us=976 exists_us=6730 page_us=15
fanout=10000 hop=1 stage=cold_read elapsed_us=17290
fanout=10000 hop=1 stage=warm_read elapsed_us=16045
fanout=10000 hop=1 stage=hot_read p50_us=480 qps=2382.25
fanout=10000 hop=3 stage=cold_read elapsed_us=16939
fanout=10000 hop=3 stage=warm_read elapsed_us=16683
fanout=10000 hop=3 stage=hot_read p50_us=1095 qps=821.24
fanout=10000 hop=5 stage=cold_read elapsed_us=18933
fanout=10000 hop=5 stage=warm_read elapsed_us=18659
fanout=10000 hop=5 stage=hot_read p50_us=1967 qps=472.91
fanout=10000 hop=10 stage=cold_read elapsed_us=21240
fanout=10000 hop=10 stage=warm_read elapsed_us=23031
fanout=10000 hop=10 stage=hot_read p50_us=4451 qps=212.47
fanout=10000 hop=12 stage=cold_read elapsed_us=23055
fanout=10000 hop=12 stage=warm_read elapsed_us=20322
fanout=10000 hop=12 stage=hot_read p50_us=4947 qps=195.89
    Finished `release` profile [optimized] target(s) in 0.97s
     Running `/home/vishal/.cache/dgraph-phase0-target/release/examples/phase0_path_bench`
phase0 path benchmark: fanouts=[50000] hops=[1, 3, 5, 10, 12] max_hop=12 kernel=SuiteSparseGraphBlas hot_iters=7 write_samples=32 object_root=/tmp/phase0-path-bench-645-1783017317200/object-store cache_root=/tmp/phase0-path-bench-645-1783017317200/slatedb-cache
fanout=50000 stage=bulk_import edges=600000 elapsed_ms=73722
fanout=50000 stage=sample_writes samples=32 p50_us=101004
fanout=50000 stage=matrix_build edges=600000 elapsed_ms=11137
fanout=50000 stage=supernode_cold degree_us=1648 exists_us=42202 page_us=20
fanout=50000 hop=1 stage=cold_read elapsed_us=131866
fanout=50000 hop=1 stage=warm_read elapsed_us=117564
fanout=50000 hop=1 stage=hot_read p50_us=1805 qps=194.01
fanout=50000 hop=3 stage=cold_read elapsed_us=139581
fanout=50000 hop=3 stage=warm_read elapsed_us=104674
fanout=50000 hop=3 stage=hot_read p50_us=9159 qps=104.52
   Compiling slatedb-graph-kernel v0.1.0 (/mnt/c/Users/thevi/OneDrive/Desktop/dgraph/prototype/slatedb-graph-kernel)
    Finished `release` profile [optimized] target(s) in 24.93s
     Running `/home/vishal/.cache/dgraph-phase0-target/release/examples/phase0_path_bench`
phase0 path benchmark: fanouts=[50000] hops=[1, 3, 5, 10, 12] max_hop=12 kernel=SuiteSparseGraphBlas hot_iters=7 write_samples=32 object_root=/tmp/phase0-path-bench-630-1783018660731/object-store cache_root=/tmp/phase0-path-bench-630-1783018660731/slatedb-cache
fanout=50000 stage=bulk_import edges=600000 elapsed_ms=62167
fanout=50000 stage=sample_writes samples=32 p50_us=101231
fanout=50000 stage=matrix_build edges=600000 elapsed_ms=8405
fanout=50000 stage=supernode_cold degree_us=1397 exists_us=40281 page_us=20
fanout=50000 hop=1 stage=cold_read elapsed_us=78692
fanout=50000 hop=1 stage=warm_read elapsed_us=81141
fanout=50000 hop=1 stage=hot_read p50_us=7672 qps=168.66
fanout=50000 hop=3 stage=cold_read elapsed_us=147752
fanout=50000 hop=3 stage=warm_read elapsed_us=94038
fanout=50000 hop=3 stage=hot_read p50_us=8324 qps=85.50
split fanout=50000 hop=1
    Finished `release` profile [optimized] target(s) in 2.65s
     Running `/home/vishal/.cache/dgraph-phase0-target/release/examples/phase0_path_bench`
phase0 path benchmark: fanouts=[50000] hops=[1] max_hop=12 kernel=SuiteSparseGraphBlas hot_iters=7 write_samples=32 object_root=/tmp/phase0-path-bench-661-1783019913430/object-store cache_root=/tmp/phase0-path-bench-661-1783019913430/slatedb-cache
fanout=50000 stage=bulk_import edges=600000 elapsed_ms=70860
fanout=50000 stage=sample_writes samples=32 p50_us=101029
fanout=50000 stage=matrix_build edges=600000 elapsed_ms=9455
fanout=50000 stage=supernode_cold degree_us=1547 exists_us=53943 page_us=23
fanout=50000 hop=1 stage=cold_read elapsed_us=107617
fanout=50000 hop=1 stage=warm_read elapsed_us=103958
fanout=50000 hop=1 stage=hot_read p50_us=2375 qps=309.86
split fanout=50000 hop=3
    Finished `release` profile [optimized] target(s) in 0.71s
     Running `/home/vishal/.cache/dgraph-phase0-target/release/examples/phase0_path_bench`
phase0 path benchmark: fanouts=[50000] hops=[3] max_hop=12 kernel=SuiteSparseGraphBlas hot_iters=7 write_samples=32 object_root=/tmp/phase0-path-bench-1060-1783020003713/object-store cache_root=/tmp/phase0-path-bench-1060-1783020003713/slatedb-cache
fanout=50000 stage=bulk_import edges=600000 elapsed_ms=70215
fanout=50000 stage=sample_writes samples=32 p50_us=100956
fanout=50000 stage=matrix_build edges=600000 elapsed_ms=9280
fanout=50000 stage=supernode_cold degree_us=1303 exists_us=43419 page_us=19
fanout=50000 hop=3 stage=cold_read elapsed_us=178406
fanout=50000 hop=3 stage=warm_read elapsed_us=172109
fanout=50000 hop=3 stage=hot_read p50_us=10976 qps=78.20
split fanout=50000 hop=5
    Finished `release` profile [optimized] target(s) in 1.12s
     Running `/home/vishal/.cache/dgraph-phase0-target/release/examples/phase0_path_bench`
phase0 path benchmark: fanouts=[50000] hops=[5] max_hop=12 kernel=SuiteSparseGraphBlas hot_iters=7 write_samples=32 object_root=/tmp/phase0-path-bench-1471-1783020093424/object-store cache_root=/tmp/phase0-path-bench-1471-1783020093424/slatedb-cache
fanout=50000 stage=bulk_import edges=600000 elapsed_ms=68010
fanout=50000 stage=sample_writes samples=32 p50_us=100982
fanout=50000 stage=matrix_build edges=600000 elapsed_ms=7974
fanout=50000 stage=supernode_cold degree_us=1324 exists_us=42991 page_us=17
fanout=50000 hop=5 stage=cold_read elapsed_us=97263
fanout=50000 hop=5 stage=warm_read elapsed_us=122043
fanout=50000 hop=5 stage=hot_read p50_us=12848 qps=65.84
split fanout=50000 hop=10
    Finished `release` profile [optimized] target(s) in 0.78s
     Running `/home/vishal/.cache/dgraph-phase0-target/release/examples/phase0_path_bench`
phase0 path benchmark: fanouts=[50000] hops=[10] max_hop=12 kernel=SuiteSparseGraphBlas hot_iters=7 write_samples=32 object_root=/tmp/phase0-path-bench-1807-1783020178253/object-store cache_root=/tmp/phase0-path-bench-1807-1783020178253/slatedb-cache
fanout=50000 stage=bulk_import edges=600000 elapsed_ms=62175
fanout=50000 stage=sample_writes samples=32 p50_us=101043
fanout=50000 stage=matrix_build edges=600000 elapsed_ms=6677
fanout=50000 stage=supernode_cold degree_us=1399 exists_us=42448 page_us=21
fanout=50000 hop=10 stage=cold_read elapsed_us=155201
fanout=50000 hop=10 stage=warm_read elapsed_us=206481
fanout=50000 hop=10 stage=hot_read p50_us=33183 qps=32.44
split fanout=50000 hop=12
    Finished `release` profile [optimized] target(s) in 1.14s
     Running `/home/vishal/.cache/dgraph-phase0-target/release/examples/phase0_path_bench`
phase0 path benchmark: fanouts=[50000] hops=[12] max_hop=12 kernel=SuiteSparseGraphBlas hot_iters=7 write_samples=32 object_root=/tmp/phase0-path-bench-2207-1783020257480/object-store cache_root=/tmp/phase0-path-bench-2207-1783020257480/slatedb-cache
fanout=50000 stage=bulk_import edges=600000 elapsed_ms=80482
fanout=50000 stage=sample_writes samples=32 p50_us=100982
fanout=50000 stage=matrix_build edges=600000 elapsed_ms=8527
fanout=50000 stage=supernode_cold degree_us=1085 exists_us=35375 page_us=17
fanout=50000 hop=12 stage=cold_read elapsed_us=150727
fanout=50000 hop=12 stage=warm_read elapsed_us=115698
fanout=50000 hop=12 stage=hot_read p50_us=35867 qps=23.13
split fanout=100000 hop=1
    Finished `release` profile [optimized] target(s) in 2.20s
     Running `/home/vishal/.cache/dgraph-phase0-target/release/examples/phase0_path_bench`
phase0 path benchmark: fanouts=[100000] hops=[1] max_hop=12 kernel=SuiteSparseGraphBlas hot_iters=7 write_samples=32 object_root=/tmp/phase0-path-bench-656-1783020386359/object-store cache_root=/tmp/phase0-path-bench-656-1783020386359/slatedb-cache
fanout=100000 stage=bulk_import edges=1200000 elapsed_ms=162087
fanout=100000 stage=sample_writes samples=32 p50_us=101148
fanout=100000 stage=matrix_build edges=1200000 elapsed_ms=29053
split fanout=100000 hop=1 exit=124
   Compiling slatedb-graph-kernel v0.1.0 (/mnt/c/Users/thevi/OneDrive/Desktop/dgraph/prototype/slatedb-graph-kernel)
    Finished `release` profile [optimized] target(s) in 16.33s
     Running `/home/vishal/.cache/dgraph-phase0-target/release/examples/phase0_path_bench`
phase0 path benchmark: fanouts=[100000] hops=[1] max_hop=12 kernel=SuiteSparseGraphBlas hot_iters=7 write_samples=32 object_root=/tmp/phase0-path-bench-655-1783021776967/object-store cache_root=/tmp/phase0-path-bench-655-1783021776967/slatedb-cache
fanout=100000 stage=bulk_import edges=1200000 elapsed_ms=179267
fanout=100000 stage=sample_writes samples=32 p50_us=101179
fanout=100000 stage=matrix_build edges=1200000 elapsed_ms=19744
