   Compiling slatedb-graph-kernel v0.1.0 (/mnt/c/Users/thevi/OneDrive/Desktop/dgraph/prototype/slatedb-graph-kernel)
    Finished `release` profile [optimized] target(s) in 22.00s
     Running `/home/vishal/.cache/dgraph-phase0-target/release/examples/phase0_path_bench`
phase0 path benchmark: fanouts=[50] hops=[1, 3, 5, 10, 12] max_hop=12 kernel=SuiteSparseGraphBlas hot_iters=7 write_samples=32 object_root=/tmp/phase0-path-bench-637-1783013450762/object-store cache_root=/tmp/phase0-path-bench-637-1783013450762/slatedb-cache
fanout=50 stage=bulk_import edges=600 elapsed_ms=108
fanout=50 stage=sample_writes samples=32 p50_us=101410
fanout=50 stage=matrix_build edges=600 elapsed_ms=228
fanout=50 stage=supernode_cold degree_us=830 exists_us=2 page_us=4
fanout=50 hop=1 stage=cold_read elapsed_us=3050
fanout=50 hop=1 stage=warm_read elapsed_us=3787
fanout=50 hop=1 stage=hot_read p50_us=24 qps=25166.46
fanout=50 hop=3 stage=cold_read elapsed_us=2794
fanout=50 hop=3 stage=warm_read elapsed_us=3651
fanout=50 hop=3 stage=hot_read p50_us=53 qps=14462.51
fanout=50 hop=5 stage=cold_read elapsed_us=2744
fanout=50 hop=5 stage=warm_read elapsed_us=3225
fanout=50 hop=5 stage=hot_read p50_us=76 qps=11396.99
fanout=50 hop=10 stage=cold_read elapsed_us=2879
fanout=50 hop=10 stage=warm_read elapsed_us=3759
fanout=50 hop=10 stage=hot_read p50_us=95 qps=9112.80
fanout=50 hop=12 stage=cold_read elapsed_us=3158
fanout=50 hop=12 stage=warm_read elapsed_us=2596
fanout=50 hop=12 stage=hot_read p50_us=134 qps=7653.13
    Finished `release` profile [optimized] target(s) in 5.61s
     Running `/home/vishal/.cache/dgraph-phase0-target/release/examples/phase0_path_bench`
phase0 path benchmark: fanouts=[100] hops=[1, 3, 5, 10, 12] max_hop=12 kernel=SuiteSparseGraphBlas hot_iters=7 write_samples=32 object_root=/tmp/phase0-path-bench-665-1783013490181/object-store cache_root=/tmp/phase0-path-bench-665-1783013490181/slatedb-cache
fanout=100 stage=bulk_import edges=1200 elapsed_ms=115
fanout=100 stage=sample_writes samples=32 p50_us=101180
fanout=100 stage=matrix_build edges=1200 elapsed_ms=179
fanout=100 stage=supernode_cold degree_us=672 exists_us=3 page_us=5
fanout=100 hop=1 stage=cold_read elapsed_us=6077
fanout=100 hop=1 stage=warm_read elapsed_us=3705
fanout=100 hop=1 stage=hot_read p50_us=27 qps=23646.09
fanout=100 hop=3 stage=cold_read elapsed_us=3186
fanout=100 hop=3 stage=warm_read elapsed_us=3342
fanout=100 hop=3 stage=hot_read p50_us=60 qps=14115.41
fanout=100 hop=5 stage=cold_read elapsed_us=3639
fanout=100 hop=5 stage=warm_read elapsed_us=3671
fanout=100 hop=5 stage=hot_read p50_us=93 qps=8354.50
fanout=100 hop=10 stage=cold_read elapsed_us=4355
fanout=100 hop=10 stage=warm_read elapsed_us=3303
fanout=100 hop=10 stage=hot_read p50_us=165 qps=5664.45
fanout=100 hop=12 stage=cold_read elapsed_us=3318
fanout=100 hop=12 stage=warm_read elapsed_us=3370
fanout=100 hop=12 stage=hot_read p50_us=146 qps=6074.75
    Finished `release` profile [optimized] target(s) in 1.72s
     Running `/home/vishal/.cache/dgraph-phase0-target/release/examples/phase0_path_bench`
phase0 path benchmark: fanouts=[1000] hops=[1, 3, 5, 10, 12] max_hop=12 kernel=SuiteSparseGraphBlas hot_iters=7 write_samples=32 object_root=/tmp/phase0-path-bench-697-1783013496408/object-store cache_root=/tmp/phase0-path-bench-697-1783013496408/slatedb-cache
fanout=1000 stage=bulk_import edges=12000 elapsed_ms=532
fanout=1000 stage=sample_writes samples=32 p50_us=101147
fanout=1000 stage=matrix_build edges=12000 elapsed_ms=203
fanout=1000 stage=supernode_cold degree_us=1414 exists_us=5 page_us=11
fanout=1000 hop=1 stage=cold_read elapsed_us=6544
fanout=1000 hop=1 stage=warm_read elapsed_us=6154
fanout=1000 hop=1 stage=hot_read p50_us=40 qps=15767.75
fanout=1000 hop=3 stage=cold_read elapsed_us=6131
fanout=1000 hop=3 stage=warm_read elapsed_us=6643
fanout=1000 hop=3 stage=hot_read p50_us=273 qps=3247.72
fanout=1000 hop=5 stage=cold_read elapsed_us=7875
fanout=1000 hop=5 stage=warm_read elapsed_us=18815
fanout=1000 hop=5 stage=hot_read p50_us=401 qps=2604.60
fanout=1000 hop=10 stage=cold_read elapsed_us=8392
fanout=1000 hop=10 stage=warm_read elapsed_us=6348
fanout=1000 hop=10 stage=hot_read p50_us=903 qps=1119.84
fanout=1000 hop=12 stage=cold_read elapsed_us=8221
fanout=1000 hop=12 stage=warm_read elapsed_us=6700
fanout=1000 hop=12 stage=hot_read p50_us=962 qps=1038.52
    Finished `release` profile [optimized] target(s) in 6.73s
     Running `/home/vishal/.cache/dgraph-phase0-target/release/examples/phase0_path_bench`
phase0 path benchmark: fanouts=[10000] hops=[1, 3, 5, 10, 12] max_hop=12 kernel=SuiteSparseGraphBlas hot_iters=7 write_samples=32 object_root=/tmp/phase0-path-bench-676-1783013548656/object-store cache_root=/tmp/phase0-path-bench-676-1783013548656/slatedb-cache
fanout=10000 stage=bulk_import edges=120000 elapsed_ms=13068
fanout=10000 stage=sample_writes samples=32 p50_us=100948
fanout=10000 stage=matrix_build edges=120000 elapsed_ms=996
fanout=10000 stage=supernode_cold degree_us=1386 exists_us=8264 page_us=25
fanout=10000 hop=1 stage=cold_read elapsed_us=49979
fanout=10000 hop=1 stage=warm_read elapsed_us=42712
fanout=10000 hop=1 stage=hot_read p50_us=572 qps=1532.93
fanout=10000 hop=3 stage=cold_read elapsed_us=56646
fanout=10000 hop=3 stage=warm_read elapsed_us=47308
fanout=10000 hop=3 stage=hot_read p50_us=2401 qps=425.98
fanout=10000 hop=5 stage=cold_read elapsed_us=33446
fanout=10000 hop=5 stage=warm_read elapsed_us=34233
fanout=10000 hop=5 stage=hot_read p50_us=2269 qps=354.74
fanout=10000 hop=10 stage=cold_read elapsed_us=45523
fanout=10000 hop=10 stage=warm_read elapsed_us=37505
fanout=10000 hop=10 stage=hot_read p50_us=4231 qps=233.42
fanout=10000 hop=12 stage=cold_read elapsed_us=53908
fanout=10000 hop=12 stage=warm_read elapsed_us=51450
fanout=10000 hop=12 stage=hot_read p50_us=9198 qps=102.57
    Finished `release` profile [optimized] target(s) in 2.19s
     Running `/home/vishal/.cache/dgraph-phase0-target/release/examples/phase0_path_bench`
phase0 path benchmark: fanouts=[50000] hops=[1, 3, 5, 10, 12] max_hop=12 kernel=SuiteSparseGraphBlas hot_iters=7 write_samples=32 object_root=/tmp/phase0-path-bench-633-1783013594680/object-store cache_root=/tmp/phase0-path-bench-633-1783013594680/slatedb-cache
fanout=50000 stage=bulk_import edges=600000 elapsed_ms=69504
fanout=50000 stage=sample_writes samples=32 p50_us=101047
fanout=50000 stage=matrix_build edges=600000 elapsed_ms=7799
fanout=50000 stage=supernode_cold degree_us=1563 exists_us=52677 page_us=33
fanout=50000 hop=1 stage=cold_read elapsed_us=243655
fanout=50000 hop=1 stage=warm_read elapsed_us=362245
fanout=50000 hop=1 stage=hot_read p50_us=3548 qps=240.43
fanout=50000 hop=3 stage=cold_read elapsed_us=237572
fanout=50000 hop=3 stage=warm_read elapsed_us=413035
fanout=50000 hop=3 stage=hot_read p50_us=8843 qps=109.61
    Finished `release` profile [optimized] target(s) in 1.89s
     Running `/home/vishal/.cache/dgraph-phase0-target/release/examples/phase0_path_bench`
phase0 path benchmark: fanouts=[50000] hops=[1, 3, 5, 10, 12] max_hop=12 kernel=SuiteSparseGraphBlas hot_iters=7 write_samples=32 object_root=/tmp/phase0-path-bench-646-1783015928181/object-store cache_root=/tmp/phase0-path-bench-646-1783015928181/slatedb-cache
fanout=50000 stage=bulk_import edges=600000 elapsed_ms=58221
fanout=50000 stage=sample_writes samples=32 p50_us=101374
fanout=50000 stage=matrix_build edges=600000 elapsed_ms=6842
fanout=50000 stage=supernode_cold degree_us=955 exists_us=29576 page_us=12
fanout=50000 hop=1 stage=cold_read elapsed_us=206150
fanout=50000 hop=1 stage=warm_read elapsed_us=205601
fanout=50000 hop=1 stage=hot_read p50_us=1433 qps=616.54
fanout=50000 hop=3 stage=cold_read elapsed_us=275039
fanout=50000 hop=3 stage=warm_read elapsed_us=293751
fanout=50000 hop=3 stage=hot_read p50_us=3086 qps=317.53
