   Compiling proc-macro2 v1.0.106
   Compiling quote v1.0.46
   Compiling unicode-ident v1.0.24
   Compiling libc v0.2.186
   Compiling serde_core v1.0.228
   Compiling serde v1.0.228
   Compiling version_check v0.9.5
   Compiling find-msvc-tools v0.1.9
   Compiling shlex v2.0.1
   Compiling pin-project-lite v0.2.17
   Compiling cfg-if v1.0.4
   Compiling pkg-config v0.3.33
   Compiling memchr v2.8.2
   Compiling futures-core v0.3.32
   Compiling syn v2.0.118
   Compiling equivalent v1.0.2
   Compiling allocator-api2 v0.2.21
   Compiling jobserver v0.1.34
   Compiling cc v1.2.65
   Compiling foldhash v0.2.0
   Compiling smallvec v1.15.2
   Compiling stable_deref_trait v1.2.1
   Compiling slab v0.4.12
   Compiling errno v0.3.14
   Compiling signal-hook-registry v1.4.8
   Compiling socket2 v0.6.4
   Compiling mio v1.2.1
   Compiling futures-sink v0.3.32
   Compiling once_cell v1.21.4
   Compiling futures-channel v0.3.32
   Compiling futures-task v0.3.32
   Compiling futures-io v0.3.32
   Compiling itoa v1.0.18
   Compiling autocfg v1.5.1
   Compiling cmake v0.1.58
   Compiling fs_extra v1.3.0
   Compiling getrandom v0.3.4
   Compiling dunce v1.0.5
   Compiling hashbrown v0.17.1
   Compiling bitflags v2.13.0
   Compiling zerocopy v0.8.52
   Compiling aws-lc-sys v0.42.0
   Compiling log v0.4.33
   Compiling rand_core v0.9.5
   Compiling tracing-core v0.1.36
   Compiling writeable v0.6.3
   Compiling indexmap v2.14.0
   Compiling litemap v0.8.2
   Compiling aws-lc-rs v1.17.1
   Compiling zeroize v1.9.0
   Compiling typenum v1.20.1
   Compiling utf8_iter v1.0.4
   Compiling synstructure v0.13.2
   Compiling parking_lot_core v0.9.12
   Compiling icu_properties_data v2.2.0
   Compiling icu_normalizer_data v2.2.0
   Compiling rustls-pki-types v1.15.0
   Compiling either v1.16.0
   Compiling percent-encoding v2.3.2
   Compiling scopeguard v1.2.0
   Compiling lock_api v0.4.14
   Compiling serde_derive v1.0.228
   Compiling tokio-macros v2.7.0
   Compiling zerofrom-derive v0.1.7
   Compiling yoke-derive v0.8.2
   Compiling futures-macro v0.3.32
   Compiling zerofrom v0.1.8
   Compiling zerovec-derive v0.11.3
   Compiling displaydoc v0.2.6
   Compiling yoke v0.8.3
   Compiling tracing-attributes v0.1.31
   Compiling futures-util v0.3.32
   Compiling zerotrie v0.2.4
   Compiling ppv-lite86 v0.2.21
   Compiling zerovec v0.11.6
   Compiling rand_chacha v0.9.0
   Compiling tracing v0.1.44
   Compiling tinystr v0.8.3
   Compiling potential_utf v0.1.5
   Compiling icu_locale_core v2.2.0
   Compiling icu_collections v2.2.0
   Compiling rand v0.9.4
   Compiling bytes v1.12.0
   Compiling untrusted v0.9.0
   Compiling rustls v0.23.41
   Compiling tokio v1.52.3
   Compiling http v1.4.2
   Compiling icu_provider v2.2.0
   Compiling httparse v1.10.1
   Compiling hashbrown v0.15.5
   Compiling icu_normalizer v2.2.0
   Compiling http-body v1.0.1
   Compiling icu_properties v2.2.0
   Compiling parking_lot v0.12.5
   Compiling itertools v0.15.0
   Compiling num-traits v0.2.19
   Compiling generic-array v0.14.7
   Compiling subtle v2.6.1
   Compiling crossbeam-utils v0.8.21
   Compiling fnv v1.0.7
   Compiling rand_core v0.10.1
   Compiling try-lock v0.2.5
   Compiling getrandom v0.4.3
   Compiling atomic-waker v1.1.2
   Compiling tower-service v0.3.3
   Compiling want v0.3.1
   Compiling idna_adapter v1.2.2
   Compiling form_urlencoded v1.2.2
   Compiling hybrid-array v0.4.13
   Compiling zstd-sys v2.0.16+zstd.1.5.7
   Compiling proc-macro2-diagnostics v0.10.1
   Compiling glob v0.3.3
   Compiling zmij v1.0.21
   Compiling clang-sys v1.8.1
   Compiling idna v1.1.0
   Compiling tokio-util v0.7.18
   Compiling aho-corasick v1.1.4
   Compiling h2 v0.4.15
   Compiling memoffset v0.9.1
   Compiling sync_wrapper v1.0.2
   Compiling nom v5.1.3
   Compiling serde_json v1.0.150
   Compiling openssl-probe v0.2.1
   Compiling yansi v1.0.1
   Compiling tower-layer v0.3.3
   Compiling cfg_aliases v0.2.1
   Compiling base64 v0.22.1
   Compiling ipnet v2.12.0
   Compiling thiserror v2.0.18
   Compiling regex-syntax v0.8.11
   Compiling rustix v1.1.4
   Compiling anyhow v1.0.103
   Compiling ryu v1.0.23
   Compiling regex-automata v0.4.14
   Compiling hyper v1.10.1
   Compiling nix v0.31.3
   Compiling tower v0.5.3
   Compiling rustls-native-certs v0.8.4
   Compiling hyper-util v0.1.20
   Compiling crypto-common v0.1.7
   Compiling url v2.5.8
   Compiling crypto-common v0.2.2
   Compiling block-buffer v0.12.1
   Compiling pin-project-internal v1.1.13
   Compiling thiserror-impl v2.0.18
   Compiling lz4-sys v1.11.1+lz4-1.10.0
   Compiling atty v0.2.14
   Compiling unicode-width v0.1.14
   Compiling linux-raw-sys v0.12.1
   Compiling zstd-safe v7.2.4
   Compiling cpufeatures v0.3.0
   Compiling paste v1.0.15
   Compiling quick-error v1.2.3
   Compiling humantime v1.3.0
   Compiling chacha20 v0.10.1
   Compiling pin-project v1.1.13
   Compiling libloading v0.8.9
   Compiling textwrap v0.11.0
   Compiling digest v0.11.3
   Compiling tower-http v0.6.11
   Compiling digest v0.10.7
   Compiling regex v1.12.4
   Compiling foyer-tokio v0.22.3
   Compiling mixtrics v0.2.5
   Compiling http-body-util v0.1.3
   Compiling twox-hash v2.1.2
   Compiling bincode v1.3.3
   Compiling same-file v1.0.6
   Compiling io-uring v0.7.13
   Compiling iana-time-zone v0.1.65
   Compiling semver v1.0.28
   Compiling bindgen v0.55.1
   Compiling bitflags v1.3.2
   Compiling ansi_term v0.12.1
   Compiling strsim v0.8.0
   Compiling vec_map v0.8.2
   Compiling termcolor v1.4.1
   Compiling spin v0.10.0
   Compiling clap v2.34.0
   Compiling crc-fast v1.10.0
   Compiling env_logger v0.7.1
   Compiling rustc_version v0.4.1
   Compiling chrono v0.4.45
   Compiling foyer-common v0.22.3
   Compiling walkdir v2.5.0
   Compiling cexpr v0.4.0
   Compiling foyer-intrusive-collections v0.10.0-dev
   Compiling md-5 v0.11.0
   Compiling rand v0.10.1
   Compiling serde_urlencoded v0.7.1
   Compiling concurrent-queue v2.5.0
   Compiling toml_datetime v0.6.11
   Compiling serde_spanned v0.6.9
   Compiling quick-xml v0.40.1
   Compiling async-trait v0.1.89
   Compiling itertools v0.14.0
   Compiling mea v0.6.4
   Compiling num_cpus v1.17.0
   Compiling hashbrown v0.16.1
   Compiling which v3.1.1
   Compiling uncased v0.9.10
   Compiling winnow v0.7.15
   Compiling small_ctor v0.1.2
   Compiling cfg-if v0.1.10
   Compiling thiserror v1.0.69
   Compiling shlex v0.1.1
   Compiling parking v2.2.1
   Compiling humantime v2.3.0
   Compiling cmsketch v0.2.4
   Compiling lazy_static v1.5.0
   Compiling web-time v1.1.0
   Compiling toml_write v0.1.2
   Compiling rustc-hash v1.1.0
   Compiling rust_decimal v1.42.1
   Compiling lazycell v1.3.0
   Compiling peeking_take_while v0.1.2
   Compiling foyer-memory v0.22.3
   Compiling fastant v0.1.11
   Compiling event-listener v5.4.1
   Compiling toml_edit v0.22.27
   Compiling lz4 v1.28.1
   Compiling core_affinity v0.8.3
   Compiling flatbuffers v25.12.19
   Compiling fs4 v0.13.1
   Compiling pear_codegen v0.2.9
   Compiling futures-executor v0.3.32
   Compiling thiserror-impl v1.0.69
   Compiling rand_xoshiro v0.7.0
   Compiling thread_local v1.1.9
   Compiling figment v0.10.19
   Compiling deranged v0.5.8
   Compiling heck v0.4.1
   Compiling time-core v0.1.9
   Compiling arrayvec v0.7.7
   Compiling inlinable_string v0.1.15
   Compiling foyer v0.22.3
   Compiling unsafe-libyaml v0.2.11
   Compiling fastrand v2.4.1
   Compiling num-conv v0.2.2
   Compiling powerfmt v0.2.0
   Compiling crc32fast v1.5.0
   Compiling time v0.3.53
   Compiling serde_yaml v0.9.34+deprecated
   Compiling pear v0.2.9
   Compiling ouroboros_macro v0.18.5
   Compiling libcypher-parser-sys v0.6.1-1
   Compiling toml v0.8.23
   Compiling futures v0.3.32
   Compiling event-listener-strategy v0.5.4
   Compiling crossbeam-epoch v0.9.18
   Compiling aliasable v0.1.3
   Compiling winnow v0.6.26
   Compiling static_assertions v1.1.0
   Compiling bytemuck v1.25.0
   Compiling ouroboros v0.18.5
   Compiling crossbeam-skiplist v0.1.3
   Compiling atomic v0.6.1
   Compiling async-channel v2.5.0
   Compiling duration-str v0.11.3
   Compiling backon v1.6.0
   Compiling fail-parallel v0.5.2
   Compiling uuid v1.23.4
   Compiling ulid v1.2.1
   Compiling lru v0.18.0
   Compiling sysinfo v0.35.2
   Compiling siphasher v1.0.3
   Compiling dotenvy v0.15.7
   Compiling tempfile v3.27.0
   Compiling zstd v0.13.3
   Compiling foyer-storage v0.22.3
   Compiling rustls-webpki v0.103.13
   Compiling tokio-rustls v0.26.4
   Compiling rustls-platform-verifier v0.7.0
   Compiling hyper-rustls v0.27.9
   Compiling reqwest v0.13.4
   Compiling object_store v0.14.0
   Compiling slatedb-common v0.14.0 (/mnt/c/Users/thevi/OneDrive/Desktop/dgraph/external-repos/slatedb/slatedb-common)
   Compiling slatedb-txn-obj v0.14.0 (/mnt/c/Users/thevi/OneDrive/Desktop/dgraph/external-repos/slatedb/slatedb-txn-obj)
   Compiling slatedb v0.14.0 (/mnt/c/Users/thevi/OneDrive/Desktop/dgraph/external-repos/slatedb/slatedb)
   Compiling slatedb-graph-kernel v0.1.0 (/mnt/c/Users/thevi/OneDrive/Desktop/dgraph/prototype/slatedb-graph-kernel)
    Finished `release` profile [optimized] target(s) in 3m 17s
     Running `/home/vishal/.cache/dgraph-phase0-target/release/examples/phase0_path_bench`
phase0 path benchmark: fanouts=[50] hops=[1, 3, 5, 10, 12] max_hop=12 kernel=SuiteSparseGraphBlas hot_iters=5 write_samples=32 object_root=/tmp/phase0-path-bench-646-1783001715054/object-store cache_root=/tmp/phase0-path-bench-646-1783001715054/slatedb-cache
    Finished `release` profile [optimized] target(s) in 1.78s
     Running `/home/vishal/.cache/dgraph-phase0-target/release/examples/phase0_path_bench`
phase0 path benchmark: fanouts=[100] hops=[1, 3, 5, 10, 12] max_hop=12 kernel=SuiteSparseGraphBlas hot_iters=5 write_samples=32 object_root=/tmp/phase0-path-bench-651-1783001744801/object-store cache_root=/tmp/phase0-path-bench-651-1783001744801/slatedb-cache
    Finished `release` profile [optimized] target(s) in 2.03s
     Running `/home/vishal/.cache/dgraph-phase0-target/release/examples/phase0_path_bench`
phase0 path benchmark: fanouts=[1000] hops=[1, 3, 5, 10, 12] max_hop=12 kernel=SuiteSparseGraphBlas hot_iters=5 write_samples=32 object_root=/tmp/phase0-path-bench-637-1783001774587/object-store cache_root=/tmp/phase0-path-bench-637-1783001774587/slatedb-cache
    Finished `release` profile [optimized] target(s) in 0.69s
     Running `/home/vishal/.cache/dgraph-phase0-target/release/examples/phase0_path_bench`
phase0 path benchmark: fanouts=[10000] hops=[1, 3, 5, 10, 12] max_hop=12 kernel=SuiteSparseGraphBlas hot_iters=5 write_samples=32 object_root=/tmp/phase0-path-bench-690-1783001795410/object-store cache_root=/tmp/phase0-path-bench-690-1783001795410/slatedb-cache
    Finished `release` profile [optimized] target(s) in 1.07s
     Running `/home/vishal/.cache/dgraph-phase0-target/release/examples/phase0_path_bench`
phase0 path benchmark: fanouts=[50000] hops=[1, 3, 5, 10, 12] max_hop=12 kernel=SuiteSparseGraphBlas hot_iters=5 write_samples=32 object_root=/tmp/phase0-path-bench-759-1783001826026/object-store cache_root=/tmp/phase0-path-bench-759-1783001826026/slatedb-cache
   Compiling slatedb-graph-kernel v0.1.0 (/mnt/c/Users/thevi/OneDrive/Desktop/dgraph/prototype/slatedb-graph-kernel)
    Finished `release` profile [optimized] target(s) in 19.87s
     Running `/home/vishal/.cache/dgraph-phase0-target/release/examples/phase0_path_bench`
phase0 path benchmark: fanouts=[50000] hops=[1, 3, 5, 10, 12] max_hop=12 kernel=SuiteSparseGraphBlas hot_iters=5 write_samples=32 object_root=/tmp/phase0-path-bench-646-1783003978702/object-store cache_root=/tmp/phase0-path-bench-646-1783003978702/slatedb-cache
phase0 path bench fanout=50000 hops=1,3,5,10,12 hot_iters=5
   Compiling slatedb-graph-kernel v0.1.0 (/mnt/c/Users/thevi/OneDrive/Desktop/dgraph/prototype/slatedb-graph-kernel)
    Finished `release` profile [optimized] target(s) in 17.18s
     Running `/home/vishal/.cache/dgraph-phase0-target/release/examples/phase0_path_bench`
phase0 path benchmark: fanouts=[50000] hops=[1, 3, 5, 10, 12] max_hop=12 kernel=SuiteSparseGraphBlas hot_iters=5 write_samples=32 object_root=/tmp/phase0-path-bench-648-1783005958054/object-store cache_root=/tmp/phase0-path-bench-648-1783005958054/slatedb-cache
phase0 path bench fanout=50000 hops=1,3,5,10,12 hot_iters=5
    Finished `release` profile [optimized] target(s) in 1.96s
     Running `/home/vishal/.cache/dgraph-phase0-target/release/examples/phase0_path_bench`
phase0 path benchmark: fanouts=[50000] hops=[1, 3, 5, 10, 12] max_hop=12 kernel=SuiteSparseGraphBlas hot_iters=5 write_samples=32 object_root=/tmp/phase0-path-bench-665-1783007098599/object-store cache_root=/tmp/phase0-path-bench-665-1783007098599/slatedb-cache
fanout=50000 stage=bulk_import edges=600000 elapsed_ms=152224
fanout=50000 stage=sample_writes samples=32 p50_us=100870
fanout=50000 stage=matrix_build edges=600000 elapsed_ms=5327
fanout=50000 stage=supernode_cold degree_us=1013 exists_us=34876 page_us=11
fanout=50000 hop=1 stage=cold_read elapsed_us=438226
fanout=50000 hop=1 stage=warm_read elapsed_us=885699
fanout=50000 hop=1 stage=hot_read p50_us=28095 qps=35.59
fanout=50000 hop=3 stage=cold_read elapsed_us=291206
fanout=50000 hop=3 stage=warm_read elapsed_us=167775
fanout=50000 hop=3 stage=hot_read p50_us=6177 qps=145.18
fanout=50000 hop=5 stage=cold_read elapsed_us=205680
fanout=50000 hop=5 stage=warm_read elapsed_us=218418
fanout=50000 hop=5 stage=hot_read p50_us=41730 qps=19.97
    Finished `release` profile [optimized] target(s) in 3.21s
     Running `/home/vishal/.cache/dgraph-phase0-target/release/examples/phase0_path_bench`
phase0 path benchmark: fanouts=[50000] hops=[1, 3, 5, 10, 12] max_hop=12 kernel=SuiteSparseGraphBlas hot_iters=5 write_samples=32 object_root=/tmp/phase0-path-bench-642-1783008058577/object-store cache_root=/tmp/phase0-path-bench-642-1783008058577/slatedb-cache
fanout=50000 stage=bulk_import edges=600000 elapsed_ms=53762
fanout=50000 stage=sample_writes samples=32 p50_us=100986
fanout=50000 stage=matrix_build edges=600000 elapsed_ms=6686
fanout=50000 stage=supernode_cold degree_us=3125 exists_us=61241 page_us=28
fanout=50000 hop=1 stage=cold_read elapsed_us=620596
fanout=50000 hop=1 stage=warm_read elapsed_us=973191
fanout=50000 hop=1 stage=hot_read p50_us=48801 qps=20.45
fanout=50000 hop=3 stage=cold_read elapsed_us=437393
fanout=50000 hop=3 stage=warm_read elapsed_us=222176
fanout=50000 hop=3 stage=hot_read p50_us=8453 qps=95.11
fanout=50000 hop=5 stage=cold_read elapsed_us=596012
fanout=50000 hop=5 stage=warm_read elapsed_us=203499
fanout=50000 hop=5 stage=hot_read p50_us=7192 qps=127.67
    Finished `release` profile [optimized] target(s) in 2.47s
     Running `/home/vishal/.cache/dgraph-phase0-target/release/examples/phase0_path_bench`
phase0 path benchmark: fanouts=[50000] hops=[10] max_hop=10 kernel=SuiteSparseGraphBlas hot_iters=5 write_samples=32 object_root=/tmp/phase0-path-bench-644-1783009920333/object-store cache_root=/tmp/phase0-path-bench-644-1783009920333/slatedb-cache
fanout=50000 stage=bulk_import edges=500000 elapsed_ms=42568
fanout=50000 stage=sample_writes samples=32 p50_us=101144
fanout=50000 stage=matrix_build edges=500000 elapsed_ms=3170
fanout=50000 stage=supernode_cold degree_us=979 exists_us=29316 page_us=13
fanout=50000 hop=10 stage=cold_read elapsed_us=319670
fanout=50000 hop=10 stage=warm_read elapsed_us=142544
fanout=50000 hop=10 stage=hot_read p50_us=24134 qps=33.03
    Finished `release` profile [optimized] target(s) in 2.00s
     Running `/home/vishal/.cache/dgraph-phase0-target/release/examples/phase0_path_bench`
phase0 path benchmark: fanouts=[50000] hops=[12] max_hop=12 kernel=SuiteSparseGraphBlas hot_iters=5 write_samples=32 object_root=/tmp/phase0-path-bench-642-1783010012484/object-store cache_root=/tmp/phase0-path-bench-642-1783010012484/slatedb-cache
fanout=50000 stage=bulk_import edges=600000 elapsed_ms=52728
fanout=50000 stage=sample_writes samples=32 p50_us=101538
fanout=50000 stage=matrix_build edges=600000 elapsed_ms=3759
fanout=50000 stage=supernode_cold degree_us=932 exists_us=33722 page_us=12
fanout=50000 hop=12 stage=cold_read elapsed_us=837386
fanout=50000 hop=12 stage=warm_read elapsed_us=655748
fanout=50000 hop=12 stage=hot_read p50_us=31548 qps=18.79
    Finished `release` profile [optimized] target(s) in 2.49s
     Running `/home/vishal/.cache/dgraph-phase0-target/release/examples/phase0_path_bench`
phase0 path benchmark: fanouts=[100000] hops=[1] max_hop=1 kernel=SuiteSparseGraphBlas hot_iters=5 write_samples=32 object_root=/tmp/phase0-path-bench-663-1783010196441/object-store cache_root=/tmp/phase0-path-bench-663-1783010196441/slatedb-cache
fanout=100000 stage=bulk_import edges=100000 elapsed_ms=4562
fanout=100000 stage=sample_writes samples=32 p50_us=101077
fanout=100000 stage=matrix_build edges=100000 elapsed_ms=838
fanout=100000 stage=supernode_cold degree_us=2181 exists_us=98564 page_us=21
fanout=100000 hop=1 stage=cold_read elapsed_us=24741
fanout=100000 hop=1 stage=warm_read elapsed_us=24112
fanout=100000 hop=1 stage=hot_read p50_us=933 qps=1032.05
   Compiling slatedb-graph-kernel v0.1.0 (/mnt/c/Users/thevi/OneDrive/Desktop/dgraph/prototype/slatedb-graph-kernel)
    Finished `release` profile [optimized] target(s) in 18.65s
     Running `/home/vishal/.cache/dgraph-phase0-target/release/examples/phase0_path_bench`
phase0 path benchmark: fanouts=[50000] hops=[10] max_hop=12 kernel=SuiteSparseGraphBlas hot_iters=5 write_samples=32 object_root=/tmp/phase0-path-bench-681-1783010299407/object-store cache_root=/tmp/phase0-path-bench-681-1783010299407/slatedb-cache
fanout=50000 stage=bulk_import edges=600000 elapsed_ms=41791
fanout=50000 stage=sample_writes samples=32 p50_us=101127
fanout=50000 stage=matrix_build edges=600000 elapsed_ms=3981
fanout=50000 stage=supernode_cold degree_us=1381 exists_us=64468 page_us=28
fanout=50000 hop=10 stage=cold_read elapsed_us=496586
fanout=50000 hop=10 stage=warm_read elapsed_us=1008750
fanout=50000 hop=10 stage=hot_read p50_us=41202 qps=20.17
    Finished `release` profile [optimized] target(s) in 1.94s
     Running `/home/vishal/.cache/dgraph-phase0-target/release/examples/phase0_path_bench`
phase0 path benchmark: fanouts=[100000] hops=[1, 3, 5, 10, 12] max_hop=12 kernel=SuiteSparseGraphBlas hot_iters=5 write_samples=32 object_root=/tmp/phase0-path-bench-651-1783010463730/object-store cache_root=/tmp/phase0-path-bench-651-1783010463730/slatedb-cache
